[2025-03-27 10:32:31.530] [jointLog] [info] setting maxHashResizeThreads to 4
[2025-03-27 10:32:31.530] [jointLog] [info] Fragment incompatibility prior below threshold.  Incompatible fragments will be ignored.
[2025-03-27 10:32:31.530] [jointLog] [info] Usage of --validateMappings implies use of minScoreFraction. Since not explicitly specified, it is being set to 0.65
[2025-03-27 10:32:31.531] [jointLog] [info] Setting consensusSlack to selective-alignment default of 0.35.
[2025-03-27 10:32:31.531] [jointLog] [info] parsing read library format
[2025-03-27 10:32:31.531] [jointLog] [info] There is 1 library.
[2025-03-27 10:32:31.563] [jointLog] [info] Loading pufferfish index
[2025-03-27 10:32:31.564] [jointLog] [info] Loading dense pufferfish index.
[2025-03-27 10:32:31.622] [jointLog] [info] done
[2025-03-27 10:32:31.622] [jointLog] [info] Index contained 19055 targets
[2025-03-27 10:32:31.629] [jointLog] [info] Number of decoys : 0
[2025-03-27 10:32:32.063] [fileLog] [info] 
At end of round 0
==================
Observed 49281 total fragments (49281 in most recent round)

[2025-03-27 10:32:32.063] [jointLog] [info] Computed 10981 rich equivalence classes for further processing
[2025-03-27 10:32:32.063] [jointLog] [info] Counted 43400 total reads in the equivalence classes 
[2025-03-27 10:32:32.064] [jointLog] [info] Number of mappings discarded because of alignment score : 4069
[2025-03-27 10:32:32.064] [jointLog] [info] Number of fragments entirely discarded because of alignment score : 1458
[2025-03-27 10:32:32.064] [jointLog] [info] Number of fragments discarded because they are best-mapped to decoys : 0
[2025-03-27 10:32:32.064] [jointLog] [info] Number of fragments discarded because they have only dovetail (discordant) mappings to valid targets : 129
[2025-03-27 10:32:32.069] [jointLog] [warning] Only 43400 fragments were mapped, but the number of burn-in fragments was set to 5000000.
The effective lengths have been computed using the observed mappings.

[2025-03-27 10:32:32.069] [jointLog] [info] Mapping rate = 88.0664%

[2025-03-27 10:32:32.069] [jointLog] [info] finished quantifyLibrary()
[2025-03-27 10:32:32.070] [jointLog] [info] Starting optimizer
[2025-03-27 10:32:32.084] [jointLog] [info] Marked 0 weighted equivalence classes as degenerate
[2025-03-27 10:32:32.087] [jointLog] [info] iteration = 0 | max rel diff. = 213.126
[2025-03-27 10:32:32.374] [jointLog] [info] iteration = 100 | max rel diff. = 0.0669686
[2025-03-27 10:32:32.507] [jointLog] [info] iteration = 149 | max rel diff. = 0.0010106
[2025-03-27 10:32:32.511] [jointLog] [info] Finished optimizer
[2025-03-27 10:32:32.511] [jointLog] [info] writing output 

