[2025-03-27 10:32:33.903] [jointLog] [info] setting maxHashResizeThreads to 4
[2025-03-27 10:32:33.903] [jointLog] [info] Fragment incompatibility prior below threshold.  Incompatible fragments will be ignored.
[2025-03-27 10:32:33.903] [jointLog] [info] Usage of --validateMappings implies use of minScoreFraction. Since not explicitly specified, it is being set to 0.65
[2025-03-27 10:32:33.903] [jointLog] [info] Setting consensusSlack to selective-alignment default of 0.35.
[2025-03-27 10:32:33.903] [jointLog] [info] parsing read library format
[2025-03-27 10:32:33.903] [jointLog] [info] There is 1 library.
[2025-03-27 10:32:33.940] [jointLog] [info] Loading pufferfish index
[2025-03-27 10:32:33.940] [jointLog] [info] Loading dense pufferfish index.
[2025-03-27 10:32:34.000] [jointLog] [info] done
[2025-03-27 10:32:34.000] [jointLog] [info] Index contained 19055 targets
[2025-03-27 10:32:34.007] [jointLog] [info] Number of decoys : 0
[2025-03-27 10:32:34.450] [fileLog] [info] 
At end of round 0
==================
Observed 49086 total fragments (49086 in most recent round)

[2025-03-27 10:32:34.449] [jointLog] [info] Computed 10859 rich equivalence classes for further processing
[2025-03-27 10:32:34.449] [jointLog] [info] Counted 42676 total reads in the equivalence classes 
[2025-03-27 10:32:34.451] [jointLog] [info] Number of mappings discarded because of alignment score : 4127
[2025-03-27 10:32:34.451] [jointLog] [info] Number of fragments entirely discarded because of alignment score : 1577
[2025-03-27 10:32:34.451] [jointLog] [info] Number of fragments discarded because they are best-mapped to decoys : 0
[2025-03-27 10:32:34.451] [jointLog] [info] Number of fragments discarded because they have only dovetail (discordant) mappings to valid targets : 119
[2025-03-27 10:32:34.456] [jointLog] [warning] Only 42676 fragments were mapped, but the number of burn-in fragments was set to 5000000.
The effective lengths have been computed using the observed mappings.

[2025-03-27 10:32:34.456] [jointLog] [info] Mapping rate = 86.9413%

[2025-03-27 10:32:34.456] [jointLog] [info] finished quantifyLibrary()
[2025-03-27 10:32:34.457] [jointLog] [info] Starting optimizer
[2025-03-27 10:32:34.471] [jointLog] [info] Marked 0 weighted equivalence classes as degenerate
[2025-03-27 10:32:34.474] [jointLog] [info] iteration = 0 | max rel diff. = 214.431
[2025-03-27 10:32:34.744] [jointLog] [info] iteration = 100 | max rel diff. = 0.114793
[2025-03-27 10:32:34.946] [jointLog] [info] iteration = 175 | max rel diff. = 0.00272719
[2025-03-27 10:32:34.949] [jointLog] [info] Finished optimizer
[2025-03-27 10:32:34.949] [jointLog] [info] writing output 

