[2025-03-27 10:32:25.040] [jointLog] [info] setting maxHashResizeThreads to 4
[2025-03-27 10:32:25.040] [jointLog] [info] Fragment incompatibility prior below threshold.  Incompatible fragments will be ignored.
[2025-03-27 10:32:25.040] [jointLog] [info] Usage of --validateMappings implies use of minScoreFraction. Since not explicitly specified, it is being set to 0.65
[2025-03-27 10:32:25.040] [jointLog] [info] Setting consensusSlack to selective-alignment default of 0.35.
[2025-03-27 10:32:25.040] [jointLog] [info] parsing read library format
[2025-03-27 10:32:25.040] [jointLog] [info] There is 1 library.
[2025-03-27 10:32:25.070] [jointLog] [info] Loading pufferfish index
[2025-03-27 10:32:25.070] [jointLog] [info] Loading dense pufferfish index.
[2025-03-27 10:32:25.126] [jointLog] [info] done
[2025-03-27 10:32:25.126] [jointLog] [info] Index contained 19055 targets
[2025-03-27 10:32:25.133] [jointLog] [info] Number of decoys : 0
[2025-03-27 10:32:25.570] [fileLog] [info] 
At end of round 0
==================
Observed 48630 total fragments (48630 in most recent round)

[2025-03-27 10:32:25.570] [jointLog] [info] Computed 10726 rich equivalence classes for further processing
[2025-03-27 10:32:25.570] [jointLog] [info] Counted 42392 total reads in the equivalence classes 
[2025-03-27 10:32:25.571] [jointLog] [info] Number of mappings discarded because of alignment score : 4360
[2025-03-27 10:32:25.571] [jointLog] [info] Number of fragments entirely discarded because of alignment score : 1436
[2025-03-27 10:32:25.571] [jointLog] [info] Number of fragments discarded because they are best-mapped to decoys : 0
[2025-03-27 10:32:25.571] [jointLog] [info] Number of fragments discarded because they have only dovetail (discordant) mappings to valid targets : 129
[2025-03-27 10:32:25.576] [jointLog] [warning] Only 42392 fragments were mapped, but the number of burn-in fragments was set to 5000000.
The effective lengths have been computed using the observed mappings.

[2025-03-27 10:32:25.576] [jointLog] [info] Mapping rate = 87.1725%

[2025-03-27 10:32:25.576] [jointLog] [info] finished quantifyLibrary()
[2025-03-27 10:32:25.576] [jointLog] [info] Starting optimizer
[2025-03-27 10:32:25.588] [jointLog] [info] Marked 0 weighted equivalence classes as degenerate
[2025-03-27 10:32:25.590] [jointLog] [info] iteration = 0 | max rel diff. = 190.948
[2025-03-27 10:32:25.856] [jointLog] [info] iteration = 100 | max rel diff. = 1.43946
[2025-03-27 10:32:25.946] [jointLog] [info] iteration = 135 | max rel diff. = 0.00362514
[2025-03-27 10:32:25.950] [jointLog] [info] Finished optimizer
[2025-03-27 10:32:25.950] [jointLog] [info] writing output 

[2025-03-27 10:32:25.974] [jointLog] [warning] NOTE: Read Lib [[ /anvil/scratch/x-olsonman/RNAseq/mdg_002_L_S2_L004//clean.R1.fq.gz, /anvil/scratch/x-olsonman/RNAseq/mdg_002_L_S2_L004//clean.R2.fq.gz]] :

Detected a *potential* strand bias > 1% in an unstranded protocol check the file: /anvil/scratch/x-olsonman/RNAseq/salmon_out/mdg_002_L_S2_L004/lib_format_counts.json for details

